###############################################################################
#                                                                             #
# IAR ELF Linker V6.50.3.4676/W32 for ARM               08/Apr/2015  23:30:36 #
# Copyright 2007-2013 IAR Systems AB.                                         #
#                                                                             #
#    Output file  =  \\psf\Home\Desktop\STM32F4-Discovery_FW_V1.1.0\Project\S #
#                    TM32F4_Lab\Empty_Project\EWARM\Project\Exe\Project.out   #
#    Map file     =  \\psf\Home\Desktop\STM32F4-Discovery_FW_V1.1.0\Project\S #
#                    TM32F4_Lab\Empty_Project\EWARM\Project\List\Project.map  #
#    Command line =  \\psf\Home\Desktop\STM32F4-Discovery_FW_V1.1.0\Project\S #
#                    TM32F4_Lab\Empty_Project\EWARM\Project\Obj\main.o        #
#                    \\psf\Home\Desktop\STM32F4-Discovery_FW_V1.1.0\Project\S #
#                    TM32F4_Lab\Empty_Project\EWARM\Project\Obj\misc.o        #
#                    \\psf\Home\Desktop\STM32F4-Discovery_FW_V1.1.0\Project\S #
#                    TM32F4_Lab\Empty_Project\EWARM\Project\Obj\startup_stm32 #
#                    f4xx.o \\psf\Home\Desktop\STM32F4-Discovery_FW_V1.1.0\Pr #
#                    oject\STM32F4_Lab\Empty_Project\EWARM\Project\Obj\stm32f #
#                    4_discovery.o \\psf\Home\Desktop\STM32F4-Discovery_FW_V1 #
#                    .1.0\Project\STM32F4_Lab\Empty_Project\EWARM\Project\Obj #
#                    \stm32f4xx_gpio.o \\psf\Home\Desktop\STM32F4-Discovery_F #
#                    W_V1.1.0\Project\STM32F4_Lab\Empty_Project\EWARM\Project #
#                    \Obj\stm32f4xx_it.o \\psf\Home\Desktop\STM32F4-Discovery #
#                    _FW_V1.1.0\Project\STM32F4_Lab\Empty_Project\EWARM\Proje #
#                    ct\Obj\stm32f4xx_rcc.o \\psf\Home\Desktop\STM32F4-Discov #
#                    ery_FW_V1.1.0\Project\STM32F4_Lab\Empty_Project\EWARM\Pr #
#                    oject\Obj\system_stm32f4xx.o --redirect                  #
#                    _Printf=_PrintfSmall --redirect _Scanf=_ScanfSmall -o    #
#                    \\psf\Home\Desktop\STM32F4-Discovery_FW_V1.1.0\Project\S #
#                    TM32F4_Lab\Empty_Project\EWARM\Project\Exe\Project.out   #
#                    --map \\psf\Home\Desktop\STM32F4-Discovery_FW_V1.1.0\Pro #
#                    ject\STM32F4_Lab\Empty_Project\EWARM\Project\List\Projec #
#                    t.map --config \\psf\Home\Desktop\STM32F4-Discovery_FW_V #
#                    1.1.0\Project\STM32F4_Lab\Empty_Project\EWARM\stm32f4xx_ #
#                    flash.icf --semihosting --entry __iar_program_start      #
#                    --vfe                                                    #
#                                                                             #
#                                                                             #
###############################################################################

*******************************************************************************
*** RUNTIME MODEL ATTRIBUTES
***

CppFlavor       = *
__SystemLibrary = DLib


*******************************************************************************
*** PLACEMENT SUMMARY
***

"A1":  place at 0x08000000 { ro section .intvec };
"P1":  place in [from 0x08000000 to 0x080fffff] { ro };
"P2":  place in [from 0x20000000 to 0x20020000] { rw, block CSTACK, block HEAP };

  Section            Kind        Address   Size  Object
  -------            ----        -------   ----  ------
"A1":                                     0x188
  .intvec            ro code  0x08000000  0x188  startup_stm32f4xx.o [1]
                            - 0x08000188  0x188

"P1":                                     0x538
  .text              ro code  0x08000188   0xe0  system_stm32f4xx.o [1]
  .text              ro code  0x08000268   0xa8  main.o [1]
  .text              ro code  0x08000310   0x8c  stm32f4_discovery.o [1]
  .text              ro code  0x0800039c   0x70  stm32f4xx_gpio.o [1]
  .text              ro code  0x0800040c   0x18  stm32f4xx_rcc.o [1]
  .text              ro code  0x08000424   0x2e  copy_init3.o [4]
  .text              ro code  0x08000452   0x22  zero_init3.o [4]
  .text              ro code  0x08000474   0x28  data_init.o [4]
  .iar.init_table    const    0x0800049c   0x24  - Linker created -
  .text              ro code  0x080004c0   0x16  cmain.o [4]
  .text              ro code  0x080004d6    0x4  low_level_init.o [3]
  .text              ro code  0x080004da    0x4  exit.o [3]
  .text              ro code  0x080004e0    0xa  cexit.o [4]
  .text              ro code  0x080004ec   0x14  exit.o [5]
  .text              ro code  0x08000500   0x14  stm32f4xx_it.o [1]
  .text              ro code  0x08000514   0x10  startup_stm32f4xx.o [1]
  .text              ro code  0x08000524    0xc  cstartup_M.o [4]
  .text              ro code  0x08000530    0x4  startup_stm32f4xx.o [1]
  .text              ro code  0x08000534    0x4  startup_stm32f4xx.o [1]
  .text              ro code  0x08000538    0x4  startup_stm32f4xx.o [1]
  .text              ro code  0x0800053c    0x4  startup_stm32f4xx.o [1]
  .text              ro code  0x08000540    0x4  startup_stm32f4xx.o [1]
  .text              ro code  0x08000544    0x4  startup_stm32f4xx.o [1]
  .text              ro code  0x08000548    0x4  startup_stm32f4xx.o [1]
  .text              ro code  0x0800054c    0x4  startup_stm32f4xx.o [1]
  .text              ro code  0x08000550    0x4  startup_stm32f4xx.o [1]
  .text              ro code  0x08000554    0x4  startup_stm32f4xx.o [1]
  .text              ro code  0x08000558    0x4  startup_stm32f4xx.o [1]
  .text              ro code  0x0800055c    0x4  startup_stm32f4xx.o [1]
  .text              ro code  0x08000560    0x4  startup_stm32f4xx.o [1]
  .text              ro code  0x08000564    0x4  startup_stm32f4xx.o [1]
  .text              ro code  0x08000568    0x4  startup_stm32f4xx.o [1]
  .text              ro code  0x0800056c    0x4  startup_stm32f4xx.o [1]
  .text              ro code  0x08000570    0x4  startup_stm32f4xx.o [1]
  .text              ro code  0x08000574    0x4  startup_stm32f4xx.o [1]
  .text              ro code  0x08000578    0x4  startup_stm32f4xx.o [1]
  .text              ro code  0x0800057c    0x4  startup_stm32f4xx.o [1]
  .text              ro code  0x08000580    0x4  startup_stm32f4xx.o [1]
  .text              ro code  0x08000584    0x4  startup_stm32f4xx.o [1]
  .text              ro code  0x08000588    0x4  startup_stm32f4xx.o [1]
  .text              ro code  0x0800058c    0x4  startup_stm32f4xx.o [1]
  .text              ro code  0x08000590    0x4  startup_stm32f4xx.o [1]
  .text              ro code  0x08000594    0x4  startup_stm32f4xx.o [1]
  .text              ro code  0x08000598    0x4  startup_stm32f4xx.o [1]
  .text              ro code  0x0800059c    0x4  startup_stm32f4xx.o [1]
  .text              ro code  0x080005a0    0x4  startup_stm32f4xx.o [1]
  .text              ro code  0x080005a4    0x4  startup_stm32f4xx.o [1]
  .text              ro code  0x080005a8    0x4  startup_stm32f4xx.o [1]
  .text              ro code  0x080005ac    0x4  startup_stm32f4xx.o [1]
  .text              ro code  0x080005b0    0x4  startup_stm32f4xx.o [1]
  .text              ro code  0x080005b4    0x4  startup_stm32f4xx.o [1]
  .text              ro code  0x080005b8    0x4  startup_stm32f4xx.o [1]
  .text              ro code  0x080005bc    0x4  startup_stm32f4xx.o [1]
  .text              ro code  0x080005c0    0x4  startup_stm32f4xx.o [1]
  .text              ro code  0x080005c4    0x4  startup_stm32f4xx.o [1]
  .text              ro code  0x080005c8    0x4  startup_stm32f4xx.o [1]
  .text              ro code  0x080005cc    0x4  startup_stm32f4xx.o [1]
  .text              ro code  0x080005d0    0x4  startup_stm32f4xx.o [1]
  .text              ro code  0x080005d4    0x4  startup_stm32f4xx.o [1]
  .text              ro code  0x080005d8    0x4  startup_stm32f4xx.o [1]
  .text              ro code  0x080005dc    0x4  startup_stm32f4xx.o [1]
  .text              ro code  0x080005e0    0x4  startup_stm32f4xx.o [1]
  .text              ro code  0x080005e4    0x4  startup_stm32f4xx.o [1]
  .text              ro code  0x080005e8    0x4  startup_stm32f4xx.o [1]
  .text              ro code  0x080005ec    0x4  startup_stm32f4xx.o [1]
  .text              ro code  0x080005f0    0x4  startup_stm32f4xx.o [1]
  .text              ro code  0x080005f4    0x4  startup_stm32f4xx.o [1]
  .text              ro code  0x080005f8    0x4  startup_stm32f4xx.o [1]
  .text              ro code  0x080005fc    0x4  startup_stm32f4xx.o [1]
  .text              ro code  0x08000600    0x4  startup_stm32f4xx.o [1]
  .text              ro code  0x08000604    0x4  startup_stm32f4xx.o [1]
  .text              ro code  0x08000608    0x4  startup_stm32f4xx.o [1]
  .text              ro code  0x0800060c    0x4  startup_stm32f4xx.o [1]
  .text              ro code  0x08000610    0x4  startup_stm32f4xx.o [1]
  .text              ro code  0x08000614    0x4  startup_stm32f4xx.o [1]
  .text              ro code  0x08000618    0x4  startup_stm32f4xx.o [1]
  .text              ro code  0x0800061c    0x4  startup_stm32f4xx.o [1]
  .text              ro code  0x08000620    0x4  startup_stm32f4xx.o [1]
  .text              ro code  0x08000624    0x4  startup_stm32f4xx.o [1]
  .text              ro code  0x08000628    0x4  startup_stm32f4xx.o [1]
  .text              ro code  0x0800062c    0x4  startup_stm32f4xx.o [1]
  .text              ro code  0x08000630    0x4  startup_stm32f4xx.o [1]
  .text              ro code  0x08000634    0x4  startup_stm32f4xx.o [1]
  .text              ro code  0x08000638    0x4  startup_stm32f4xx.o [1]
  .text              ro code  0x0800063c    0x4  startup_stm32f4xx.o [1]
  .text              ro code  0x08000640    0x4  startup_stm32f4xx.o [1]
  .text              ro code  0x08000644    0x4  startup_stm32f4xx.o [1]
  .text              ro code  0x08000648    0x4  startup_stm32f4xx.o [1]
  .text              ro code  0x0800064c    0x4  startup_stm32f4xx.o [1]
  .text              ro code  0x08000650    0x4  startup_stm32f4xx.o [1]
  .text              ro code  0x08000654    0x4  startup_stm32f4xx.o [1]
  .text              ro code  0x08000658    0x4  startup_stm32f4xx.o [1]
  .text              ro code  0x0800065c    0x4  startup_stm32f4xx.o [1]
  .text              ro code  0x08000660    0x4  startup_stm32f4xx.o [1]
  .text              ro code  0x08000664    0x4  startup_stm32f4xx.o [1]
  .text              ro code  0x08000668    0x4  startup_stm32f4xx.o [1]
  .text              ro code  0x0800066c    0x4  startup_stm32f4xx.o [1]
  .text              ro code  0x08000670    0x4  startup_stm32f4xx.o [1]
  .text              ro code  0x08000674    0x4  startup_stm32f4xx.o [1]
  .text              ro code  0x08000678    0x4  startup_stm32f4xx.o [1]
  .text              ro code  0x0800067c    0x4  startup_stm32f4xx.o [1]
  .text              ro code  0x08000680    0x4  startup_stm32f4xx.o [1]
  .text              ro code  0x08000684    0x4  startup_stm32f4xx.o [1]
  .text              ro code  0x08000688    0x4  startup_stm32f4xx.o [1]
  .text              ro code  0x0800068c    0x4  startup_stm32f4xx.o [1]
  .text              ro code  0x08000690    0x4  startup_stm32f4xx.o [1]
  .text              ro code  0x08000694    0x4  startup_stm32f4xx.o [1]
  .text              ro code  0x08000698    0x4  startup_stm32f4xx.o [1]
  .rodata            const    0x0800069c    0x0  zero_init3.o [4]
  .rodata            const    0x0800069c    0x0  copy_init3.o [4]
  Initializer bytes  ro data  0x0800069c   0x24  <for P2 s0>
                            - 0x080006c0  0x538

"P2", part 1 of 3:                         0x24
  P2 s0                       0x20000000   0x24  <Init block>
    .data            inited   0x20000000   0x14  system_stm32f4xx.o [1]
    .data            inited   0x20000014   0x10  stm32f4_discovery.o [1]
                            - 0x20000024   0x24

"P2", part 2 of 3:                          0x4
  .bss               zero     0x20000024    0x4  main.o [1]
                            - 0x20000028    0x4

"P2", part 3 of 3:                        0x400
  CSTACK                      0x20000028  0x400  <Block>
    CSTACK           uninit   0x20000028  0x400  <Block tail>
                            - 0x20000428  0x400


*******************************************************************************
*** INIT TABLE
***

          Address     Size
          -------     ----
Zero (__iar_zero_init3)
    1 destination range, total size 0x4:
          0x20000024   0x4

Copy (__iar_copy_init3)
    1 source range, total size 0x24:
          0x0800069c  0x24
    1 destination range, total size 0x24:
          0x20000000  0x24



*******************************************************************************
*** MODULE SUMMARY
***

    Module               ro code  ro data  rw data
    ------               -------  -------  -------
\\psf\Home\Desktop\STM32F4-Discovery_FW_V1.1.0\Project\STM32F4_Lab\Empty_Project\EWARM\Project\Obj: [1]
    main.o                   168                 4
    startup_stm32f4xx.o      772
    stm32f4_discovery.o      140       16       16
    stm32f4xx_gpio.o         112
    stm32f4xx_it.o            20
    stm32f4xx_rcc.o           24
    system_stm32f4xx.o       224       20       20
    ----------------------------------------------
    Total:                 1 460       36       40

command line: [2]
    ----------------------------------------------
    Total:

dl7M_tln.a: [3]
    exit.o                     4
    low_level_init.o           4
    ----------------------------------------------
    Total:                     8

rt7M_tl.a: [4]
    cexit.o                   10
    cmain.o                   22
    copy_init3.o              46
    cstartup_M.o              12
    data_init.o               40
    zero_init3.o              34
    ----------------------------------------------
    Total:                   164

shb_l.a: [5]
    exit.o                    20
    ----------------------------------------------
    Total:                    20

    Gaps                       4
    Linker created                     36    1 024
--------------------------------------------------
    Grand Total:           1 656       72    1 064


*******************************************************************************
*** ENTRY LIST
***

Entry                      Address  Size  Type      Object
-----                      -------  ----  ----      ------
?main                   0x080004c1        Code  Gb  cmain.o [4]
ADC_IRQHandler          0x0800059d        Code  Wk  startup_stm32f4xx.o [1]
AHBPrescTable           0x20000000  0x10  Data  Gb  system_stm32f4xx.o [1]
BusFault_Handler        0x08000507   0x2  Code  Gb  stm32f4xx_it.o [1]
CAN1_RX0_IRQHandler     0x080005a5        Code  Wk  startup_stm32f4xx.o [1]
CAN1_RX1_IRQHandler     0x080005a9        Code  Wk  startup_stm32f4xx.o [1]
CAN1_SCE_IRQHandler     0x080005ad        Code  Wk  startup_stm32f4xx.o [1]
CAN1_TX_IRQHandler      0x080005a1        Code  Wk  startup_stm32f4xx.o [1]
CAN2_RX0_IRQHandler     0x08000655        Code  Wk  startup_stm32f4xx.o [1]
CAN2_RX1_IRQHandler     0x08000659        Code  Wk  startup_stm32f4xx.o [1]
CAN2_SCE_IRQHandler     0x0800065d        Code  Wk  startup_stm32f4xx.o [1]
CAN2_TX_IRQHandler      0x08000651        Code  Wk  startup_stm32f4xx.o [1]
CRYP_IRQHandler         0x08000691        Code  Wk  startup_stm32f4xx.o [1]
CSTACK$$Base            0x20000028         --   Gb  - Linker created -
CSTACK$$Limit           0x20000428         --   Gb  - Linker created -
DCMI_IRQHandler         0x0800068d        Code  Wk  startup_stm32f4xx.o [1]
DMA1_Stream0_IRQHandler
                        0x08000581        Code  Wk  startup_stm32f4xx.o [1]
DMA1_Stream1_IRQHandler
                        0x08000585        Code  Wk  startup_stm32f4xx.o [1]
DMA1_Stream2_IRQHandler
                        0x08000589        Code  Wk  startup_stm32f4xx.o [1]
DMA1_Stream3_IRQHandler
                        0x0800058d        Code  Wk  startup_stm32f4xx.o [1]
DMA1_Stream4_IRQHandler
                        0x08000591        Code  Wk  startup_stm32f4xx.o [1]
DMA1_Stream5_IRQHandler
                        0x08000595        Code  Wk  startup_stm32f4xx.o [1]
DMA1_Stream6_IRQHandler
                        0x08000599        Code  Wk  startup_stm32f4xx.o [1]
DMA1_Stream7_IRQHandler
                        0x08000611        Code  Wk  startup_stm32f4xx.o [1]
DMA2_Stream0_IRQHandler
                        0x08000635        Code  Wk  startup_stm32f4xx.o [1]
DMA2_Stream1_IRQHandler
                        0x08000639        Code  Wk  startup_stm32f4xx.o [1]
DMA2_Stream2_IRQHandler
                        0x0800063d        Code  Wk  startup_stm32f4xx.o [1]
DMA2_Stream3_IRQHandler
                        0x08000641        Code  Wk  startup_stm32f4xx.o [1]
DMA2_Stream4_IRQHandler
                        0x08000645        Code  Wk  startup_stm32f4xx.o [1]
DMA2_Stream5_IRQHandler
                        0x08000665        Code  Wk  startup_stm32f4xx.o [1]
DMA2_Stream6_IRQHandler
                        0x08000669        Code  Wk  startup_stm32f4xx.o [1]
DMA2_Stream7_IRQHandler
                        0x0800066d        Code  Wk  startup_stm32f4xx.o [1]
DebugMon_Handler        0x0800050d   0x2  Code  Gb  stm32f4xx_it.o [1]
Delay                   0x080002e1  0x12  Code  Gb  main.o [1]
ETH_IRQHandler          0x08000649        Code  Wk  startup_stm32f4xx.o [1]
ETH_WKUP_IRQHandler     0x0800064d        Code  Wk  startup_stm32f4xx.o [1]
EXTI0_IRQHandler        0x0800056d        Code  Wk  startup_stm32f4xx.o [1]
EXTI15_10_IRQHandler    0x080005f5        Code  Wk  startup_stm32f4xx.o [1]
EXTI1_IRQHandler        0x08000571        Code  Wk  startup_stm32f4xx.o [1]
EXTI2_IRQHandler        0x08000575        Code  Wk  startup_stm32f4xx.o [1]
EXTI3_IRQHandler        0x08000579        Code  Wk  startup_stm32f4xx.o [1]
EXTI4_IRQHandler        0x0800057d        Code  Wk  startup_stm32f4xx.o [1]
EXTI9_5_IRQHandler      0x080005b1        Code  Wk  startup_stm32f4xx.o [1]
FLASH_IRQHandler        0x08000565        Code  Wk  startup_stm32f4xx.o [1]
FPU_IRQHandler          0x08000699        Code  Wk  startup_stm32f4xx.o [1]
FSMC_IRQHandler         0x08000615        Code  Wk  startup_stm32f4xx.o [1]
GPIO_CLK                0x0800038c  0x10  Data  Gb  stm32f4_discovery.o [1]
GPIO_Init               0x0800039d  0x70  Code  Gb  stm32f4xx_gpio.o [1]
GPIO_PIN                0x08000384   0x8  Data  Gb  stm32f4_discovery.o [1]
GPIO_PORT               0x20000014  0x10  Data  Gb  stm32f4_discovery.o [1]
HASH_RNG_IRQHandler     0x08000695        Code  Wk  startup_stm32f4xx.o [1]
HardFault_Handler       0x08000503   0x2  Code  Gb  stm32f4xx_it.o [1]
I2C1_ER_IRQHandler      0x080005d5        Code  Wk  startup_stm32f4xx.o [1]
I2C1_EV_IRQHandler      0x080005d1        Code  Wk  startup_stm32f4xx.o [1]
I2C2_ER_IRQHandler      0x080005dd        Code  Wk  startup_stm32f4xx.o [1]
I2C2_EV_IRQHandler      0x080005d9        Code  Wk  startup_stm32f4xx.o [1]
I2C3_ER_IRQHandler      0x08000679        Code  Wk  startup_stm32f4xx.o [1]
I2C3_EV_IRQHandler      0x08000675        Code  Wk  startup_stm32f4xx.o [1]
MemManage_Handler       0x08000505   0x2  Code  Gb  stm32f4xx_it.o [1]
NMI_Handler             0x08000501   0x2  Code  Gb  stm32f4xx_it.o [1]
OTG_FS_IRQHandler       0x08000661        Code  Wk  startup_stm32f4xx.o [1]
OTG_FS_WKUP_IRQHandler  0x080005fd        Code  Wk  startup_stm32f4xx.o [1]
OTG_HS_EP1_IN_IRQHandler
                        0x08000681        Code  Wk  startup_stm32f4xx.o [1]
OTG_HS_EP1_OUT_IRQHandler
                        0x0800067d        Code  Wk  startup_stm32f4xx.o [1]
OTG_HS_IRQHandler       0x08000689        Code  Wk  startup_stm32f4xx.o [1]
OTG_HS_WKUP_IRQHandler  0x08000685        Code  Wk  startup_stm32f4xx.o [1]
PVD_IRQHandler          0x08000559        Code  Wk  startup_stm32f4xx.o [1]
PendSV_Handler          0x0800050f   0x2  Code  Gb  stm32f4xx_it.o [1]
RCC_AHB1PeriphClockCmd  0x0800040d  0x12  Code  Gb  stm32f4xx_rcc.o [1]
RCC_IRQHandler          0x08000569        Code  Wk  startup_stm32f4xx.o [1]
RTC_Alarm_IRQHandler    0x080005f9        Code  Wk  startup_stm32f4xx.o [1]
RTC_WKUP_IRQHandler     0x08000561        Code  Wk  startup_stm32f4xx.o [1]
Region$$Table$$Base     0x0800049c         --   Gb  - Linker created -
Region$$Table$$Limit    0x080004c0         --   Gb  - Linker created -
Reset_Handler           0x08000515        Code  Wk  startup_stm32f4xx.o [1]
SDIO_IRQHandler         0x08000619        Code  Wk  startup_stm32f4xx.o [1]
SPI1_IRQHandler         0x080005e1        Code  Wk  startup_stm32f4xx.o [1]
SPI2_IRQHandler         0x080005e5        Code  Wk  startup_stm32f4xx.o [1]
SPI3_IRQHandler         0x08000621        Code  Wk  startup_stm32f4xx.o [1]
STM_EVAL_LEDInit        0x08000311  0x3c  Code  Gb  stm32f4_discovery.o [1]
STM_EVAL_LEDOn          0x0800034d  0x12  Code  Gb  stm32f4_discovery.o [1]
STM_EVAL_LEDToggle      0x0800035f  0x16  Code  Gb  stm32f4_discovery.o [1]
SVC_Handler             0x0800050b   0x2  Code  Gb  stm32f4xx_it.o [1]
SysTick_Handler         0x08000511   0x4  Code  Gb  stm32f4xx_it.o [1]
SystemCoreClock         0x20000010   0x4  Data  Gb  system_stm32f4xx.o [1]
SystemInit              0x08000189  0xc4  Code  Gb  system_stm32f4xx.o [1]
TAMP_STAMP_IRQHandler   0x0800055d        Code  Wk  startup_stm32f4xx.o [1]
TIM1_BRK_TIM9_IRQHandler
                        0x080005b5        Code  Wk  startup_stm32f4xx.o [1]
TIM1_CC_IRQHandler      0x080005c1        Code  Wk  startup_stm32f4xx.o [1]
TIM1_TRG_COM_TIM11_IRQHandler
                        0x080005bd        Code  Wk  startup_stm32f4xx.o [1]
TIM1_UP_TIM10_IRQHandler
                        0x080005b9        Code  Wk  startup_stm32f4xx.o [1]
TIM2_IRQHandler         0x080005c5        Code  Wk  startup_stm32f4xx.o [1]
TIM3_IRQHandler         0x080005c9        Code  Wk  startup_stm32f4xx.o [1]
TIM4_IRQHandler         0x080005cd        Code  Wk  startup_stm32f4xx.o [1]
TIM5_IRQHandler         0x0800061d        Code  Wk  startup_stm32f4xx.o [1]
TIM6_DAC_IRQHandler     0x0800062d        Code  Wk  startup_stm32f4xx.o [1]
TIM7_IRQHandler         0x08000631        Code  Wk  startup_stm32f4xx.o [1]
TIM8_BRK_TIM12_IRQHandler
                        0x08000601        Code  Wk  startup_stm32f4xx.o [1]
TIM8_CC_IRQHandler      0x0800060d        Code  Wk  startup_stm32f4xx.o [1]
TIM8_TRG_COM_TIM14_IRQHandler
                        0x08000609        Code  Wk  startup_stm32f4xx.o [1]
TIM8_UP_TIM13_IRQHandler
                        0x08000605        Code  Wk  startup_stm32f4xx.o [1]
TimingDelay             0x20000024   0x4  Data  Lc  main.o [1]
TimingDelay_Decrement   0x080002f3   0xe  Code  Gb  main.o [1]
UART4_IRQHandler        0x08000625        Code  Wk  startup_stm32f4xx.o [1]
UART5_IRQHandler        0x08000629        Code  Wk  startup_stm32f4xx.o [1]
USART1_IRQHandler       0x080005e9        Code  Wk  startup_stm32f4xx.o [1]
USART2_IRQHandler       0x080005ed        Code  Wk  startup_stm32f4xx.o [1]
USART3_IRQHandler       0x080005f1        Code  Wk  startup_stm32f4xx.o [1]
USART6_IRQHandler       0x08000671        Code  Wk  startup_stm32f4xx.o [1]
UsageFault_Handler      0x08000509   0x2  Code  Gb  stm32f4xx_it.o [1]
WWDG_IRQHandler         0x08000555        Code  Wk  startup_stm32f4xx.o [1]
__cmain                 0x080004c1        Code  Gb  cmain.o [4]
__exit                  0x080004ed  0x14  Code  Gb  exit.o [5]
__iar_copy_init3        0x08000425  0x2e  Code  Gb  copy_init3.o [4]
__iar_data_init3        0x08000475  0x28  Code  Gb  data_init.o [4]
__iar_program_start     0x08000525        Code  Gb  cstartup_M.o [4]
__iar_zero_init3        0x08000453  0x22  Code  Gb  zero_init3.o [4]
__low_level_init        0x080004d7   0x4  Code  Gb  low_level_init.o [3]
__vector_table          0x08000000        Data  Gb  startup_stm32f4xx.o [1]
_call_main              0x080004cd        Code  Gb  cmain.o [4]
_exit                   0x080004e1        Code  Gb  cexit.o [4]
_main                   0x080004d3        Code  Gb  cmain.o [4]
exit                    0x080004db   0x4  Code  Gb  exit.o [3]
main                    0x08000269  0x78  Code  Gb  main.o [1]


[1] = \\psf\Home\Desktop\STM32F4-Discovery_FW_V1.1.0\Project\STM32F4_Lab\Empty_Project\EWARM\Project\Obj
[2] = command line
[3] = dl7M_tln.a
[4] = rt7M_tl.a
[5] = shb_l.a

  1 656 bytes of readonly  code memory
     72 bytes of readonly  data memory
  1 064 bytes of readwrite data memory

Errors: none
Warnings: none
